// Jest Snapshot v1, https://goo.gl/fbAQLP

exports[`Tests for rendering and snapshot matching is snapshot of calculator component created and matched 1`] = `
<div
  className="calc-page-container"
  data-testid="calc-page-cont"
>
  <h1>
    Let 's do some Math!
  </h1>
  <ul
    className="grid-container"
  >
    <li
      id="display"
    >
      <span
        id="expression"
      />
      <span
        id="number-input"
      >
        0
      </span>
    </li>
    <li>
      <button
        data-testid="clear"
        onClick={[Function]}
        type="button"
      >
        AC
      </button>
    </li>
    <li>
      <button
        data-testid="negate"
        onClick={[Function]}
        type="button"
      >
        +/-
      </button>
    </li>
    <li>
      <button
        data-testid="percent"
        onClick={[Function]}
        type="button"
      >
        %
      </button>
    </li>
    <li>
      <button
        data-testid="divide"
        onClick={[Function]}
        type="button"
      >
        รท
      </button>
    </li>
    <li>
      <button
        data-testid="seven"
        onClick={[Function]}
        type="button"
      >
        7
      </button>
    </li>
    <li>
      <button
        data-testid="eight"
        onClick={[Function]}
        type="button"
      >
        8
      </button>
    </li>
    <li>
      <button
        data-testid="nine"
        onClick={[Function]}
        type="button"
      >
        9
      </button>
    </li>
    <li>
      <button
        data-testid="multiply"
        onClick={[Function]}
        type="button"
      >
        x
      </button>
    </li>
    <li>
      <button
        data-testid="four"
        onClick={[Function]}
        type="button"
      >
        4
      </button>
    </li>
    <li>
      <button
        data-testid="five"
        onClick={[Function]}
        type="button"
      >
        5
      </button>
    </li>
    <li>
      <button
        data-testid="six"
        onClick={[Function]}
        type="button"
      >
        6
      </button>
    </li>
    <li>
      <button
        data-testid="minus"
        onClick={[Function]}
        type="button"
      >
        -
      </button>
    </li>
    <li>
      <button
        data-testid="one"
        onClick={[Function]}
        type="button"
      >
        1
      </button>
    </li>
    <li>
      <button
        data-testid="tow"
        onClick={[Function]}
        type="button"
      >
        2
      </button>
    </li>
    <li>
      <button
        data-testid="three"
        onClick={[Function]}
        type="button"
      >
        3
      </button>
    </li>
    <li>
      <button
        data-testid="plus"
        onClick={[Function]}
        type="button"
      >
        +
      </button>
    </li>
    <li>
      <button
        data-testid="zero"
        onClick={[Function]}
        type="button"
      >
        0
      </button>
    </li>
    <li>
      <button
        data-testid="point"
        onClick={[Function]}
        type="button"
      >
        .
      </button>
    </li>
    <li>
      <button
        data-testid="equal"
        onClick={[Function]}
        type="button"
      >
        =
      </button>
    </li>
  </ul>
</div>
`;
